// Jest Snapshot v1, https://goo.gl/fbAQLP

exports[`Pruebas en <SearchPage /> Debe mostrarse correctamente con valores por defecto 1`] = `
<div>
  <h1
    class="mt-3 border-bottom border-secondary-subtle p-2"
  >
    Search
  </h1>
  <div
    class="row"
  >
    <div
      class="col-5"
    >
      <h4
        class="mt-3"
      >
        Searching
      </h4>
      <form
        aria-label="form"
      >
        <input
          autocomplete="off"
          class="form-control mt-3"
          name="searchText"
          placeholder="search a hero"
          type="text"
          value=""
        />
        <button
          class="btn btn-outline-primary mt-3"
        >
          Search
        </button>
      </form>
    </div>
    <div
      class="col-7"
    >
      <h4
        class="mt-3"
      >
        Results
      </h4>
      <div
        class="alert alert-primary mt-3 animate__animated animate__fadeIn"
      >
        Search a hero
      </div>
    </div>
  </div>
</div>
`;
